[html.themeholy.com/realar/demo/index.html]
[backblue.gif]
[fade.gif]
[index.html]
[html.themeholy.com/realar/demo/assets/img/favicons/apple-icon-57x57.png]
[html.themeholy.com/realar/demo/assets/img/favicons/apple-icon-60x60.png]
[html.themeholy.com/realar/demo/assets/img/favicons/apple-icon-72x72.png]
[html.themeholy.com/realar/demo/assets/img/favicons/apple-icon-76x76.png]
[html.themeholy.com/realar/demo/assets/img/favicons/apple-icon-114x114.png]
[html.themeholy.com/realar/demo/assets/img/favicons/apple-icon-120x120.png]
[html.themeholy.com/realar/demo/assets/img/favicons/apple-icon-144x144.png]
[html.themeholy.com/realar/demo/assets/img/favicons/apple-icon-152x152.png]
[html.themeholy.com/realar/demo/assets/img/favicons/apple-icon-180x180.png]
[html.themeholy.com/realar/demo/assets/img/favicons/android-icon-192x192.png]
[html.themeholy.com/realar/demo/assets/img/favicons/favicon-32x32.png]
[html.themeholy.com/realar/demo/assets/img/favicons/favicon-96x96.png]
[html.themeholy.com/realar/demo/assets/img/favicons/favicon-16x16.png]
[html.themeholy.com/realar/demo/assets/img/favicons/manifest.json]
[html.themeholy.com/realar/demo/assets/img/favicons/ms-icon-144x144.png]
[html.themeholy.com/realar/demo/assets/css/bootstrap.min.css]
[html.themeholy.com/realar/demo/assets/css/magnific-popup.min.css]
[html.themeholy.com/realar/demo/assets/css/fontawesome.min.css]
[html.themeholy.com/realar/demo/assets/css/swiper-bundle.min.css]
[html.themeholy.com/realar/demo/assets/css/style.css]
[html.themeholy.com/realar/demo/assets/img/logo-white.svg]
[html.themeholy.com/realar/demo/home-2.html]
[html.themeholy.com/realar/demo/home-3.html]
[html.themeholy.com/realar/demo/about.html]
[html.themeholy.com/realar/demo/property.html]
[html.themeholy.com/realar/demo/property-details.html]
[html.themeholy.com/realar/demo/agency.html]
[html.themeholy.com/realar/demo/agency-details.html]
[html.themeholy.com/realar/demo/team.html]
[html.themeholy.com/realar/demo/team-details.html]
[html.themeholy.com/realar/demo/pricing.html]
[html.themeholy.com/realar/demo/shop.html]
[html.themeholy.com/realar/demo/shop-details.html]
[html.themeholy.com/realar/demo/cart.html]
[html.themeholy.com/realar/demo/checkout.html]
[html.themeholy.com/realar/demo/wishlist.html]
[html.themeholy.com/realar/demo/error.html]
[html.themeholy.com/realar/demo/blog.html]
[html.themeholy.com/realar/demo/blog-details.html]
[html.themeholy.com/realar/demo/contact.html]
[html.themeholy.com/realar/demo/assets/img/logo.svg]
[html.themeholy.com/realar/demo/assets/img/icon/location-dot.svg]
[html.themeholy.com/realar/demo/assets/img/icon/phone.svg]
[html.themeholy.com/realar/demo/assets/img/icon/envelope.svg]
[html.themeholy.com/realar/demo/assets/img/hero/hero_1_bg_mask.png]
[html.themeholy.com/realar/demo/assets/img/hero/hero_bg_1_1.jpg]
[html.themeholy.com/realar/demo/assets/img/hero/hero_bg_1_2.jpg]
[html.themeholy.com/realar/demo/assets/img/hero/hero_bg_1_3.jpg]
[html.themeholy.com/realar/demo/assets/img/shape/about-1-mask.png]
[html.themeholy.com/realar/demo/assets/img/normal/about_1_1.png]
[html.themeholy.com/realar/demo/assets/img/normal/about_1_2.png]
[html.themeholy.com/realar/demo/assets/img/normal/about_1_3.png]
[html.themeholy.com/realar/demo/assets/img/icon/service-icon1-1.png]
[html.themeholy.com/realar/demo/assets/img/icon/service-icon1-2.png]
[html.themeholy.com/realar/demo/assets/img/icon/service-icon1-3.png]
[html.themeholy.com/realar/demo/assets/img/project/project_1_1.png]
[html.themeholy.com/realar/demo/assets/img/shape/project-card1-img-mask.png]
[html.themeholy.com/realar/demo/assets/img/project/project_shape1_1.png]
[html.themeholy.com/realar/demo/assets/img/icon/arrow-right.svg]
[html.themeholy.com/realar/demo/assets/img/project/project_1_2.png]
[html.themeholy.com/realar/demo/assets/img/project/project_1_3.png]
[html.themeholy.com/realar/demo/assets/img/shape/property-card1-img-mask.png]
[html.themeholy.com/realar/demo/assets/img/property/property1-1.png]
[html.themeholy.com/realar/demo/assets/img/icon/property-icon1-1.svg]
[html.themeholy.com/realar/demo/assets/img/icon/property-icon1-2.svg]
[html.themeholy.com/realar/demo/assets/img/icon/property-icon1-3.svg]
[html.themeholy.com/realar/demo/assets/img/property/property-user-1-1.png]
[html.themeholy.com/realar/demo/assets/img/property/property1-2.png]
[html.themeholy.com/realar/demo/assets/img/property/property-user-1-2.png]
[html.themeholy.com/realar/demo/assets/img/property/property1-3.png]
[html.themeholy.com/realar/demo/assets/img/property/property-user-1-3.png]
[html.themeholy.com/realar/demo/assets/img/property/property1-4.png]
[html.themeholy.com/realar/demo/assets/img/property/property-user-1-4.png]
[html.themeholy.com/realar/demo/assets/img/theme-img/aminities-shape1.png]
[html.themeholy.com/realar/demo/assets/img/aminities/aminities1-1.png]
[html.themeholy.com/realar/demo/assets/img/icon/aminities-icon1-1.svg]
[html.themeholy.com/realar/demo/assets/img/aminities/aminities1-2.png]
[html.themeholy.com/realar/demo/assets/img/icon/aminities-icon1-2.svg]
[html.themeholy.com/realar/demo/assets/img/aminities/aminities1-3.png]
[html.themeholy.com/realar/demo/assets/img/icon/aminities-icon1-3.svg]
[html.themeholy.com/realar/demo/assets/img/aminities/aminities1-4.png]
[html.themeholy.com/realar/demo/assets/img/icon/aminities-icon1-4.svg]
[html.themeholy.com/realar/demo/assets/img/aminities/aminities1-5.png]
[html.themeholy.com/realar/demo/assets/img/icon/aminities-icon1-5.svg]
[html.themeholy.com/realar/demo/assets/img/aminities/aminities1-6.png]
[html.themeholy.com/realar/demo/assets/img/icon/aminities-icon1-6.svg]
[html.themeholy.com/realar/demo/assets/img/icon/arrow-left.svg]
[html.themeholy.com/realar/demo/assets/img/normal/video_1_1.png]
[html.themeholy.com/realar/demo/assets/img/normal/author_1_1.png]
[html.themeholy.com/realar/demo/assets/img/normal/sign_1_1.png]
[html.themeholy.com/realar/demo/assets/img/theme-img/team-shape1.png]
[html.themeholy.com/realar/demo/assets/img/team/team_1_1.png]
[html.themeholy.com/realar/demo/assets/img/team/team_1_2.png]
[html.themeholy.com/realar/demo/assets/img/team/team_1_3.png]
[html.themeholy.com/realar/demo/assets/img/shape/cta_1_1-img-mask.png]
[html.themeholy.com/realar/demo/assets/img/normal/cta_1_1.png]
[html.themeholy.com/realar/demo/assets/img/testimonial/testi_thumb_1_1.png]
[html.themeholy.com/realar/demo/assets/img/testimonial/testi_thumb_1_2.png]
[html.themeholy.com/realar/demo/assets/img/shape/testi_1_1-mask.png]
[html.themeholy.com/realar/demo/assets/img/testimonial/testi_1_1.png]
[html.themeholy.com/realar/demo/assets/img/icon/qoute.svg]
[html.themeholy.com/realar/demo/assets/img/testimonial/testi_1_2.png]
[html.themeholy.com/realar/demo/assets/img/testimonial/testi_1_3.png]
[html.themeholy.com/realar/demo/assets/img/normal/download_1_1.png]
[html.themeholy.com/realar/demo/assets/img/shape/blog-card1-img-mask.png]
[html.themeholy.com/realar/demo/assets/img/blog/blog_1_1.jpg]
[html.themeholy.com/realar/demo/assets/img/blog/avatar_1.png]
[html.themeholy.com/realar/demo/assets/img/blog/blog_1_2.jpg]
[html.themeholy.com/realar/demo/assets/img/blog/avatar_2.png]
[html.themeholy.com/realar/demo/assets/img/project/project_pop1_1.png]
[html.themeholy.com/realar/demo/assets/img/project/project_pop2_1.png]
[html.themeholy.com/realar/demo/assets/img/bg/footer-bg-mask.png]
[html.themeholy.com/realar/demo/assets/img/icon/paper-plane.svg]
[html.themeholy.com/realar/demo/assets/js/vendor/jquery-3.7.1.min.js]
[html.themeholy.com/realar/demo/assets/js/swiper-bundle.min.js]
[html.themeholy.com/realar/demo/assets/js/bootstrap.min.js]
[html.themeholy.com/realar/demo/assets/js/jquery.magnific-popup.min.js]
[html.themeholy.com/realar/demo/assets/js/jquery.counterup.min.js]
[html.themeholy.com/realar/demo/assets/js/jquery-ui.min.js]
[html.themeholy.com/realar/demo/assets/js/imagesloaded.pkgd.min.js]
[html.themeholy.com/realar/demo/assets/js/isotope.pkgd.min.js]
[html.themeholy.com/realar/demo/assets/js/gsap.min.js]
[html.themeholy.com/realar/demo/assets/js/main.js]
[html.themeholy.com/realar/demo/index.html]
[html.themeholy.com/realar/demo/assets/css/bootstrap.min.css]
[html.themeholy.com/realar/demo/assets/fonts/fontawesome/fa-brands-400.woff2]
[html.themeholy.com/realar/demo/assets/fonts/fontawesome/fa-brands-400.ttf]
[html.themeholy.com/realar/demo/assets/fonts/fontawesome/fa-duotone-900.woff2]
[html.themeholy.com/realar/demo/assets/fonts/fontawesome/fa-light-300.woff2]
[html.themeholy.com/realar/demo/assets/fonts/fontawesome/fa-duotone-900.ttf]
[html.themeholy.com/realar/demo/assets/fonts/fontawesome/fa-regular-400.woff2]
[html.themeholy.com/realar/demo/assets/fonts/fontawesome/fa-solid-900.woff2]
[html.themeholy.com/realar/demo/assets/fonts/fontawesome/fa-regular-400.ttf]
[html.themeholy.com/realar/demo/assets/fonts/fontawesome/fa-light-300.ttf]
[html.themeholy.com/realar/demo/assets/fonts/fontawesome/fa-solid-900.ttf]
[html.themeholy.com/realar/demo/assets/fonts/fontawesome/fa-thin-100.woff2]
[html.themeholy.com/realar/demo/assets/css/fontawesome.min.css]
[html.themeholy.com/realar/demo/assets/css/magnific-popup.min.css]
[html.themeholy.com/realar/demo/assets/css/swiper-bundle.min.css]
[html.themeholy.com/realar/demo/assets/fonts/fontawesome/fa-thin-100.ttf]
[html.themeholy.com/realar/demo/assets/img/theme-img/btn-shape.png]
[html.themeholy.com/realar/demo/assets/img/theme-img/btn-shape2.png]
[html.themeholy.com/realar/demo/assets/img/theme-img/input-border.png]
[html.themeholy.com/realar/demo/assets/img/theme-img/team-shape1-2.png]
[html.themeholy.com/realar/demo/assets/css/style.css]
[html.themeholy.com/realar/demo/assets/img/logo-white.svg]
[html.themeholy.com/realar/demo/assets/img/hero/hero_thumb_2_1.jpg]
[html.themeholy.com/realar/demo/assets/img/hero/hero_thumb_2_2.jpg]
[html.themeholy.com/realar/demo/assets/img/hero/hero_thumb_2_3.jpg]
[html.themeholy.com/realar/demo/assets/img/shape/section_shape_2_1.jpg]
[html.themeholy.com/realar/demo/assets/img/shape/section_shape_2_2.jpg]
[html.themeholy.com/realar/demo/assets/img/normal/about_2_1.png]
[html.themeholy.com/realar/demo/assets/img/normal/about_2_2.png]
[html.themeholy.com/realar/demo/assets/img/normal/about_2_3.png]
[html.themeholy.com/realar/demo/assets/img/icon/checkmark.svg]
[html.themeholy.com/realar/demo/assets/img/shape/section_shape_2_3.jpg]
[html.themeholy.com/realar/demo/assets/img/icon/service-icon2-1.svg]
[html.themeholy.com/realar/demo/assets/img/service/1-1.png]
[html.themeholy.com/realar/demo/assets/img/icon/service-icon2-2.svg]
[html.themeholy.com/realar/demo/assets/img/service/1-2.png]
[html.themeholy.com/realar/demo/assets/img/icon/service-icon2-3.svg]
[html.themeholy.com/realar/demo/assets/img/service/1-3.png]
[html.themeholy.com/realar/demo/assets/img/project/project_2_1.png]
[html.themeholy.com/realar/demo/assets/img/project/project_2_2.png]
[html.themeholy.com/realar/demo/assets/img/project/project_2_3.png]
[html.themeholy.com/realar/demo/assets/img/gallery/2-1.png]
[html.themeholy.com/realar/demo/assets/img/gallery/2-2.png]
[html.themeholy.com/realar/demo/assets/img/gallery/2-3.png]
[html.themeholy.com/realar/demo/assets/img/gallery/2-4.png]
[html.themeholy.com/realar/demo/assets/img/gallery/2-5.png]
[html.themeholy.com/realar/demo/assets/img/gallery/2-6.png]
[html.themeholy.com/realar/demo/assets/img/team/team_2_1.png]
[html.themeholy.com/realar/demo/assets/img/team/team_2_2.png]
[html.themeholy.com/realar/demo/assets/img/team/team_2_3.png]
[html.themeholy.com/realar/demo/assets/img/testimonial/testi_thumb_2_1.png]
[html.themeholy.com/realar/demo/assets/img/icon/qoute2.svg]
[html.themeholy.com/realar/demo/assets/img/testimonial/testi_2_1.png]
[html.themeholy.com/realar/demo/assets/img/testimonial/testi_thumb_2_2.png]
[html.themeholy.com/realar/demo/assets/img/testimonial/testi_2_2.png]
[html.themeholy.com/realar/demo/assets/img/brand/brand_1_1.svg]
[html.themeholy.com/realar/demo/assets/img/brand/brand_1_2.svg]
[html.themeholy.com/realar/demo/assets/img/brand/brand_1_3.svg]
[html.themeholy.com/realar/demo/assets/img/brand/brand_1_4.svg]
[html.themeholy.com/realar/demo/assets/img/brand/brand_1_5.svg]
[html.themeholy.com/realar/demo/assets/img/brand/brand_1_6.svg]
[html.themeholy.com/realar/demo/assets/img/normal/booking_1_1.png]
[html.themeholy.com/realar/demo/assets/img/property/property_inner_1.jpg]
[html.themeholy.com/realar/demo/assets/img/blog/blog_2_1.jpg]
[html.themeholy.com/realar/demo/assets/img/blog/blog_2_2.jpg]
[html.themeholy.com/realar/demo/assets/img/instagram/insta_1_1.jpg]
[html.themeholy.com/realar/demo/assets/img/instagram/insta_1_2.jpg]
[html.themeholy.com/realar/demo/assets/img/instagram/insta_1_3.jpg]
[html.themeholy.com/realar/demo/assets/img/instagram/insta_1_4.jpg]
[html.themeholy.com/realar/demo/assets/img/instagram/insta_1_5.jpg]
[html.themeholy.com/realar/demo/home-2.html]
[html.themeholy.com/realar/demo/assets/img/logo-white2.svg]
[html.themeholy.com/realar/demo/assets/img/hero/hero_bg_3_1.jpg]
[html.themeholy.com/realar/demo/assets/img/hero/hero-3-video.mp4]
[html.themeholy.com/realar/demo/assets/img/property/property2-1.png]
[html.themeholy.com/realar/demo/assets/img/property/property2-2.png]
[html.themeholy.com/realar/demo/assets/img/property/property2-3.png]
[html.themeholy.com/realar/demo/assets/img/property/property2-4.png]
[html.themeholy.com/realar/demo/assets/img/icon/service-icon3-1.svg]
[html.themeholy.com/realar/demo/assets/img/icon/service-icon3-2.svg]
[html.themeholy.com/realar/demo/assets/img/service/3-1.png]
[html.themeholy.com/realar/demo/assets/img/icon/service-icon4-1.svg]
[html.themeholy.com/realar/demo/assets/img/service/3-2.png]
[html.themeholy.com/realar/demo/assets/img/icon/service-icon3-3.svg]
[html.themeholy.com/realar/demo/assets/img/service/3-3.png]
[html.themeholy.com/realar/demo/assets/img/gallery/3-1.png]
[html.themeholy.com/realar/demo/assets/img/gallery/3-2.png]
[html.themeholy.com/realar/demo/assets/img/gallery/3-3.png]
[html.themeholy.com/realar/demo/assets/img/gallery/3-4.png]
[html.themeholy.com/realar/demo/assets/img/gallery/3-5.png]
[html.themeholy.com/realar/demo/assets/img/project/project_3_1.png]
[html.themeholy.com/realar/demo/assets/img/project/project_3_2.png]
[html.themeholy.com/realar/demo/assets/img/project/project_3_3.png]
[html.themeholy.com/realar/demo/assets/img/project/project_3_4.png]
[html.themeholy.com/realar/demo/assets/img/bg/video-bg-2-1.png]
[html.themeholy.com/realar/demo/assets/img/team/team_2_4.png]
[html.themeholy.com/realar/demo/assets/img/blog/blog_3_1.jpg]
[html.themeholy.com/realar/demo/assets/img/blog/blog_3_2.jpg]
[html.themeholy.com/realar/demo/assets/img/blog/blog_3_3.jpg]
[html.themeholy.com/realar/demo/assets/img/blog/blog_3_4.jpg]
[html.themeholy.com/realar/demo/assets/img/bg/footer-bg-3-1.png]
[html.themeholy.com/realar/demo/home-3.html]
[html.themeholy.com/realar/demo/assets/img/bg/breadcumb-bg.jpg]
[html.themeholy.com/realar/demo/assets/img/normal/about_3_1.png]
[html.themeholy.com/realar/demo/assets/img/normal/about_3_2.png]
[html.themeholy.com/realar/demo/assets/img/normal/about_3_3.png]
[html.themeholy.com/realar/demo/assets/img/icon/service-icon4-2.svg]
[html.themeholy.com/realar/demo/assets/img/brand/brand_2_1.svg]
[html.themeholy.com/realar/demo/assets/img/brand/brand_2_2.svg]
[html.themeholy.com/realar/demo/assets/img/brand/brand_2_3.svg]
[html.themeholy.com/realar/demo/assets/img/brand/brand_2_4.svg]
[html.themeholy.com/realar/demo/assets/img/brand/brand_2_5.svg]
[html.themeholy.com/realar/demo/about.html]
[html.themeholy.com/realar/demo/assets/img/brand/brand_2_6.svg]
[html.themeholy.com/realar/demo/assets/img/property/property-s-1-1.jpg]
[html.themeholy.com/realar/demo/assets/img/property/property-s-1-2.jpg]
[html.themeholy.com/realar/demo/assets/img/property/property-s-1-3.jpg]
[html.themeholy.com/realar/demo/assets/img/property/property-s-1-4.jpg]
[html.themeholy.com/realar/demo/assets/img/property/property-s-1-5.jpg]
[html.themeholy.com/realar/demo/assets/img/property/property-s-1-6.jpg]
[html.themeholy.com/realar/demo/assets/img/property/property-s-1-7.jpg]
[html.themeholy.com/realar/demo/assets/img/property/property-s-1-8.jpg]
[html.themeholy.com/realar/demo/assets/img/property/property-s-1-9.jpg]
[html.themeholy.com/realar/demo/property.html]
[html.themeholy.com/realar/demo/assets/img/property/property_inner_2.jpg]
[html.themeholy.com/realar/demo/assets/img/property/property_inner_3.jpg]
[html.themeholy.com/realar/demo/assets/img/property/property_inner_4.jpg]
[html.themeholy.com/realar/demo/assets/img/property/property_inner_5.jpg]
[html.themeholy.com/realar/demo/assets/img/icon/calendar.svg]
[html.themeholy.com/realar/demo/assets/img/icon/comments.svg]
[html.themeholy.com/realar/demo/assets/img/icon/property-single-icon1-1.svg]
[html.themeholy.com/realar/demo/assets/img/icon/property-single-icon1-2.svg]
[html.themeholy.com/realar/demo/assets/img/icon/property-single-icon1-3.svg]
[html.themeholy.com/realar/demo/assets/img/icon/property-single-icon1-4.svg]
[html.themeholy.com/realar/demo/assets/img/icon/property-single-icon1-5.svg]
[html.themeholy.com/realar/demo/assets/img/icon/property-single-icon1-6.svg]
[html.themeholy.com/realar/demo/assets/img/icon/property-single-icon1-7.svg]
[html.themeholy.com/realar/demo/assets/img/icon/property-single-icon1-8.svg]
[html.themeholy.com/realar/demo/assets/img/icon/property-single-icon1-9.svg]
[html.themeholy.com/realar/demo/assets/img/icon/property-single-icon1-10.svg]
[html.themeholy.com/realar/demo/assets/img/property/property_inner_6.jpg]
[html.themeholy.com/realar/demo/assets/img/property/property_inner_7.jpg]
[html.themeholy.com/realar/demo/assets/img/property/property_inner_8.jpg]
[html.themeholy.com/realar/demo/assets/img/property/property_inner_9.jpg]
[html.themeholy.com/realar/demo/assets/img/property/property_inner_10.jpg]
[html.themeholy.com/realar/demo/assets/img/blog/recent-post-1-1.jpg]
[html.themeholy.com/realar/demo/assets/img/blog/recent-post-1-2.jpg]
[html.themeholy.com/realar/demo/assets/img/blog/recent-post-1-3.jpg]
[html.themeholy.com/realar/demo/assets/img/widget/widget-banner.png]
[html.themeholy.com/realar/demo/property-details.html]
[html.themeholy.com/realar/demo/assets/img/agency/1-1.png]
[html.themeholy.com/realar/demo/assets/img/agency/1-2.png]
[html.themeholy.com/realar/demo/assets/img/agency/1-3.png]
[html.themeholy.com/realar/demo/assets/img/agency/1-4.png]
[html.themeholy.com/realar/demo/assets/img/agency/1-5.png]
[html.themeholy.com/realar/demo/assets/img/agency/1-6.png]
[html.themeholy.com/realar/demo/agency.html]
[html.themeholy.com/realar/demo/assets/img/agency/agency_inner_1.jpg]
[html.themeholy.com/realar/demo/agency-details.html]
[html.themeholy.com/realar/demo/team.html]
[html.themeholy.com/realar/demo/assets/img/team/team_2_5.png]
[html.themeholy.com/realar/demo/team-details.html]
[html.themeholy.com/realar/demo/assets/img/icon/pricing-icon1-1.svg]
[html.themeholy.com/realar/demo/assets/img/icon/pricing-icon1-2.svg]
[html.themeholy.com/realar/demo/assets/img/icon/pricing-icon1-3.svg]
[html.themeholy.com/realar/demo/pricing.html]
[html.themeholy.com/realar/demo/assets/img/product/product_details_1_1.png]
[html.themeholy.com/realar/demo/assets/img/product/product_1_1.png]
[html.themeholy.com/realar/demo/assets/img/product/product_1_2.png]
[html.themeholy.com/realar/demo/assets/img/product/product_1_3.png]
[html.themeholy.com/realar/demo/assets/img/product/product_1_4.png]
[html.themeholy.com/realar/demo/assets/img/product/product_1_5.png]
[html.themeholy.com/realar/demo/assets/img/product/product_1_6.png]
[html.themeholy.com/realar/demo/assets/img/product/product_1_7.png]
[html.themeholy.com/realar/demo/assets/img/product/product_1_8.png]
[html.themeholy.com/realar/demo/assets/img/product/product_1_9.png]
[html.themeholy.com/realar/demo/assets/img/product/product_1_10.png]
[html.themeholy.com/realar/demo/assets/img/product/product_1_11.png]
[html.themeholy.com/realar/demo/assets/img/product/product_1_12.png]
[html.themeholy.com/realar/demo/shop.html]
[html.themeholy.com/realar/demo/assets/img/blog/comment-author-1.jpg]
[html.themeholy.com/realar/demo/assets/img/blog/comment-author-2.jpg]
[html.themeholy.com/realar/demo/assets/img/blog/comment-author-3.jpg]
[html.themeholy.com/realar/demo/assets/img/blog/comment-author-4.jpg]
[html.themeholy.com/realar/demo/shop-details.html]
[html.themeholy.com/realar/demo/assets/img/product/product_thumb_1_1.png]
[html.themeholy.com/realar/demo/assets/img/product/product_thumb_1_2.png]
[html.themeholy.com/realar/demo/assets/img/product/product_thumb_1_3.png]
[html.themeholy.com/realar/demo/cart.html]
[html.themeholy.com/realar/demo/checkout.html]
[html.themeholy.com/realar/demo/wishlist.html]
[html.themeholy.com/realar/demo/assets/img/normal/error_1_1.png]
[html.themeholy.com/realar/demo/error.html]
[html.themeholy.com/realar/demo/assets/img/blog/blog-s-1-1.jpg]
[html.themeholy.com/realar/demo/assets/img/blog/blog-s-1-2.jpg]
[html.themeholy.com/realar/demo/assets/img/blog/blog-s-1-3.jpg]
[html.themeholy.com/realar/demo/blog.html]
[html.themeholy.com/realar/demo/assets/img/blog/blog_inner_1.jpg]
[html.themeholy.com/realar/demo/blog-details.html]
[html.themeholy.com/realar/demo/contact.html]
[html.themeholy.com/realar/demo/assets/img/logo.svg]
[html.themeholy.com/realar/demo/assets/img/icon/location-dot.svg]
[html.themeholy.com/realar/demo/assets/img/icon/phone.svg]
[html.themeholy.com/realar/demo/assets/img/icon/envelope.svg]
[html.themeholy.com/realar/demo/assets/img/icon/arrow-right.svg]
[html.themeholy.com/realar/demo/assets/img/icon/property-icon1-1.svg]
[html.themeholy.com/realar/demo/assets/img/icon/property-icon1-2.svg]
[html.themeholy.com/realar/demo/assets/img/icon/property-icon1-3.svg]
[html.themeholy.com/realar/demo/assets/img/icon/aminities-icon1-1.svg]
[html.themeholy.com/realar/demo/assets/img/icon/aminities-icon1-2.svg]
[html.themeholy.com/realar/demo/assets/img/icon/aminities-icon1-3.svg]
[html.themeholy.com/realar/demo/assets/img/icon/aminities-icon1-4.svg]
[html.themeholy.com/realar/demo/assets/img/icon/aminities-icon1-5.svg]
[html.themeholy.com/realar/demo/assets/img/icon/aminities-icon1-6.svg]
[html.themeholy.com/realar/demo/assets/img/icon/arrow-left.svg]
[html.themeholy.com/realar/demo/assets/img/icon/qoute.svg]
[html.themeholy.com/realar/demo/service.html]
[html.themeholy.com/realar/demo/assets/img/icon/paper-plane.svg]
[html.themeholy.com/realar/demo/assets/img/property-card1-img-mask.html]
[html.themeholy.com/realar/demo/assets/img/shape/star.html]
[html.themeholy.com/realar/demo/assets/img/icon/checkmark.svg]
[html.themeholy.com/realar/demo/assets/img/icon/service-icon2-1.svg]
[html.themeholy.com/realar/demo/assets/img/icon/service-icon2-2.svg]
[html.themeholy.com/realar/demo/assets/img/icon/service-icon2-3.svg]
[html.themeholy.com/realar/demo/project.html]
[html.themeholy.com/realar/demo/assets/img/icon/qoute2.svg]
[html.themeholy.com/realar/demo/assets/img/brand/brand_1_1.svg]
[html.themeholy.com/realar/demo/assets/img/brand/brand_1_2.svg]
[html.themeholy.com/realar/demo/assets/img/brand/brand_1_3.svg]
[html.themeholy.com/realar/demo/assets/img/brand/brand_1_4.svg]
[html.themeholy.com/realar/demo/assets/img/brand/brand_1_5.svg]
[html.themeholy.com/realar/demo/assets/img/brand/brand_1_6.svg]
[html.themeholy.com/realar/demo/assets/img/logo-white2.svg]
[html.themeholy.com/realar/demo/assets/img/icon/service-icon3-1.svg]
[html.themeholy.com/realar/demo/assets/img/icon/service-icon3-2.svg]
[html.themeholy.com/realar/demo/assets/img/icon/service-icon4-1.svg]
[html.themeholy.com/realar/demo/assets/img/icon/service-icon3-3.svg]
[html.themeholy.com/realar/demo/assets/img/icon/service-icon4-2.svg]
[html.themeholy.com/realar/demo/assets/img/brand/brand_2_1.svg]
[html.themeholy.com/realar/demo/assets/img/brand/brand_2_2.svg]
[html.themeholy.com/realar/demo/assets/img/brand/brand_2_3.svg]
[html.themeholy.com/realar/demo/assets/img/brand/brand_2_4.svg]
[html.themeholy.com/realar/demo/assets/img/brand/brand_2_5.svg]
[html.themeholy.com/realar/demo/assets/img/brand/brand_2_6.svg]
[html.themeholy.com/realar/demo/assets/img/icon/calendar.svg]
[html.themeholy.com/realar/demo/assets/img/icon/comments.svg]
[html.themeholy.com/realar/demo/assets/img/icon/property-single-icon1-1.svg]
[html.themeholy.com/realar/demo/assets/img/icon/property-single-icon1-2.svg]
[html.themeholy.com/realar/demo/assets/img/icon/property-single-icon1-3.svg]
[html.themeholy.com/realar/demo/assets/img/icon/property-single-icon1-4.svg]
[html.themeholy.com/realar/demo/assets/img/icon/property-single-icon1-5.svg]
[html.themeholy.com/realar/demo/assets/img/icon/property-single-icon1-6.svg]
[html.themeholy.com/realar/demo/assets/img/icon/property-single-icon1-7.svg]
[html.themeholy.com/realar/demo/assets/img/icon/property-single-icon1-8.svg]
[html.themeholy.com/realar/demo/assets/img/icon/property-single-icon1-9.svg]
[html.themeholy.com/realar/demo/assets/img/icon/property-single-icon1-10.svg]
[html.themeholy.com/realar/demo/assets/img/icon/pricing-icon1-1.svg]
[html.themeholy.com/realar/demo/assets/img/icon/pricing-icon1-2.svg]
[html.themeholy.com/realar/demo/assets/img/icon/pricing-icon1-3.svg]
